// Jest Snapshot v1, https://goo.gl/fbAQLP

exports[`Button component test should render the expected output 1`] = `
<button
  className="button"
  onClick={[Function]}
  type="button"
>
  5
</button>
`;
