// Jest Snapshot v1, https://goo.gl/fbAQLP

exports[`Calculator component test should render the expected output 1`] = `
<div
  className="content"
  style={
    Object {
      "display": "flex",
      "justifyContent": "space-between",
    }
  }
>
  <div>
    <p
      style={
        Object {
          "fontSize": "1.2em",
        }
      }
    >
      Let's do some math!
    </p>
  </div>
  <div
    className="calculator"
  >
    <div
      id="display"
    >
      <div
        className="user-input"
      >
        0
      </div>
    </div>
    <div
      id="btn-panel"
    >
      <div
        className="btn-panel-row"
      >
        <button
          className="basic-operator"
          onClick={[Function]}
          type="button"
        >
          AC
        </button>
        <button
          className="basic-operator"
          onClick={[Function]}
          type="button"
        >
          +/-
        </button>
        <button
          className="basic-operator"
          onClick={[Function]}
          type="button"
        >
          %
        </button>
        <button
          className="basic-operator"
          onClick={[Function]}
          type="button"
        >
          รท
        </button>
      </div>
      <div
        className="btn-panel-row"
      >
        <button
          className="button"
          onClick={[Function]}
          type="button"
        >
          7
        </button>
        <button
          className="button"
          onClick={[Function]}
          type="button"
        >
          8
        </button>
        <button
          className="button"
          onClick={[Function]}
          type="button"
        >
          9
        </button>
        <button
          className="basic-operator"
          onClick={[Function]}
          type="button"
        >
          x
        </button>
      </div>
      <div
        className="btn-panel-row"
      >
        <button
          className="button"
          onClick={[Function]}
          type="button"
        >
          4
        </button>
        <button
          className="button"
          onClick={[Function]}
          type="button"
        >
          5
        </button>
        <button
          className="button"
          onClick={[Function]}
          type="button"
        >
          6
        </button>
        <button
          className="basic-operator"
          onClick={[Function]}
          type="button"
        >
          -
        </button>
      </div>
      <div
        className="btn-panel-row"
      >
        <button
          className="button"
          onClick={[Function]}
          type="button"
        >
          1
        </button>
        <button
          className="button"
          onClick={[Function]}
          type="button"
        >
          2
        </button>
        <button
          className="button"
          onClick={[Function]}
          type="button"
        >
          3
        </button>
        <button
          className="basic-operator"
          onClick={[Function]}
          type="button"
        >
          +
        </button>
      </div>
      <div
        className="btn-panel-row"
      >
        <button
          className="flex-basis-50"
          onClick={[Function]}
          type="button"
        >
          0
        </button>
        <button
          className="flex-basis-25"
          onClick={[Function]}
          type="button"
        >
          .
        </button>
        <button
          className="basic-operator flex-basis-25"
          onClick={[Function]}
          type="button"
        >
          =
        </button>
      </div>
    </div>
  </div>
</div>
`;
